package root:root;



package bar:bar {
  interface my-interface {
    foo: func();
  }

  world my-world {
    import my-interface;
  }
}

world root {
  import bar:bar/my-interface;
}

