package root:root;



package foo:foo {
  interface my-interface {
    foo: func();
  }

  world my-world {
    import my-interface;
  }
}

world root {
  import foo:foo/my-interface;
}

