Writing: %tmpdir/c.wit
Writing: %tmpdir/deps/b/b.wit
