Writing: %tmpdir/root.wit
Writing: %tmpdir/deps/b/b.wit
Writing: %tmpdir/deps/c/c.wit
